[    0.000000] Linux version 4.15.0-212-generic (buildd@lcy02-amd64-083) (gcc version 7.5.0 (Ubuntu 7.5.0-3ubuntu1~18.04)) #223-Ubuntu SMP Tue May 23 13:09:22 UTC 2023 (Ubuntu 4.15.0-212.223-generic 4.15.18)
[    0.000000] Command line: BOOT_IMAGE=/boot/vmlinuz-4.15.0-212-generic root=LABEL=cloudimg-rootfs ro console=tty1 console=ttyS0
[    0.000000] KERNEL supported cpus:
[    0.000000]   Intel GenuineIntel
[    0.000000]   AMD AuthenticAMD
[    0.000000]   Centaur CentaurHauls
[    0.000000] [Firmware Bug]: TSC doesn't count with P0 frequency!
[    0.000000] x86/fpu: x87 FPU will use FXSAVE
[    0.000000] e820: BIOS-provided physical RAM map:
[    0.000000] BIOS-e820: [mem 0x0000000000000000-0x000000000009fbff] usable
[    0.000000] BIOS-e820: [mem 0x000000000009fc00-0x000000000009ffff] reserved
[    0.000000] BIOS-e820: [mem 0x00000000000f0000-0x00000000000fffff] reserved
[    0.000000] BIOS-e820: [mem 0x0000000000100000-0x000000003ffeffff] usable
[    0.000000] BIOS-e820: [mem 0x000000003fff0000-0x000000003fffffff] ACPI data
[    0.000000] BIOS-e820: [mem 0x00000000fec00000-0x00000000fec00fff] reserved
[    0.000000] BIOS-e820: [mem 0x00000000fee00000-0x00000000fee00fff] reserved
[    0.000000] BIOS-e820: [mem 0x00000000fffc0000-0x00000000ffffffff] reserved
[    0.000000] NX (Execute Disable) protection: active
[    0.000000] SMBIOS 2.5 present.
[    0.000000] DMI: innotek GmbH VirtualBox/VirtualBox, BIOS VirtualBox 12/01/2006
[    0.000000] Hypervisor detected: KVM
[    0.000000] e820: last_pfn = 0x3fff0 max_arch_pfn = 0x400000000
[    0.000000] MTRR: Disabled
[    0.000000] x86/PAT: MTRRs disabled, skipping PAT initialization too.
[    0.000000] CPU MTRRs all blank - virtualized system.
[    0.000000] x86/PAT: Configuration [0-7]: WB  WT  UC- UC  WB  WT  UC- UC  
[    0.000000] found SMP MP-table at [mem 0x0009fff0-0x0009ffff]
[    0.000000] Scanning 1 areas for low memory corruption
[    0.000000] RAMDISK: [mem 0x359cb000-0x36cdcfff]
[    0.000000] ACPI: Early table checksum verification disabled
[    0.000000] ACPI: RSDP 0x00000000000E0000 000024 (v02 VBOX  )
[    0.000000] ACPI: XSDT 0x000000003FFF0030 00003C (v01 VBOX   VBOXXSDT 00000001 ASL  00000061)
[    0.000000] ACPI: FACP 0x000000003FFF00F0 0000F4 (v04 VBOX   VBOXFACP 00000001 ASL  00000061)
[    0.000000] ACPI: DSDT 0x000000003FFF0610 002353 (v02 VBOX   VBOXBIOS 00000002 INTL 20100528)
[    0.000000] ACPI: FACS 0x000000003FFF0200 000040
[    0.000000] ACPI: FACS 0x000000003FFF0200 000040
[    0.000000] ACPI: APIC 0x000000003FFF0240 00005C (v02 VBOX   VBOXAPIC 00000001 ASL  00000061)
[    0.000000] ACPI: SSDT 0x000000003FFF02A0 00036C (v01 VBOX   VBOXCPUT 00000002 INTL 20100528)
[    0.000000] ACPI: Reserving FACP table memory at [mem 0x3fff00f0-0x3fff01e3]
[    0.000000] ACPI: Reserving DSDT table memory at [mem 0x3fff0610-0x3fff2962]
[    0.000000] ACPI: Reserving FACS table memory at [mem 0x3fff0200-0x3fff023f]
[    0.000000] ACPI: Reserving FACS table memory at [mem 0x3fff0200-0x3fff023f]
[    0.000000] ACPI: Reserving APIC table memory at [mem 0x3fff0240-0x3fff029b]
[    0.000000] ACPI: Reserving SSDT table memory at [mem 0x3fff02a0-0x3fff060b]
[    0.000000] No NUMA configuration found
[    0.000000] Faking a node at [mem 0x0000000000000000-0x000000003ffeffff]
[    0.000000] NODE_DATA(0) allocated [mem 0x3ffc5000-0x3ffeffff]
[    0.000000] kvm-clock: cpu 0, msr 0:3ff44001, primary cpu clock
[    0.000000] kvm-clock: Using msrs 4b564d01 and 4b564d00
[    0.000000] kvm-clock: using sched offset of 3767950135 cycles
[    0.000000] clocksource: kvm-clock: mask: 0xffffffffffffffff max_cycles: 0x1cd42e4dffb, max_idle_ns: 881590591483 ns
[    0.000000] Zone ranges:
[    0.000000]   DMA      [mem 0x0000000000001000-0x0000000000ffffff]
[    0.000000]   DMA32    [mem 0x0000000001000000-0x000000003ffeffff]
[    0.000000]   Normal   empty
[    0.000000]   Device   empty
[    0.000000] Movable zone start for each node
[    0.000000] Early memory node ranges
[    0.000000]   node   0: [mem 0x0000000000001000-0x000000000009efff]
[    0.000000]   node   0: [mem 0x0000000000100000-0x000000003ffeffff]
[    0.000000] Reserved but unavailable: 104 pages
[    0.000000] Initmem setup node 0 [mem 0x0000000000001000-0x000000003ffeffff]
[    0.000000] ACPI: PM-Timer IO Port: 0x4008
[    0.000000] IOAPIC[0]: apic_id 2, version 32, address 0xfec00000, GSI 0-23
[    0.000000] ACPI: INT_SRC_OVR (bus 0 bus_irq 0 global_irq 2 dfl dfl)
[    0.000000] ACPI: INT_SRC_OVR (bus 0 bus_irq 9 global_irq 9 low level)
[    0.000000] Using ACPI (MADT) for SMP configuration information
[    0.000000] smpboot: Allowing 2 CPUs, 0 hotplug CPUs
[    0.000000] PM: Registered nosave memory: [mem 0x00000000-0x00000fff]
[    0.000000] PM: Registered nosave memory: [mem 0x0009f000-0x0009ffff]
[    0.000000] PM: Registered nosave memory: [mem 0x000a0000-0x000effff]
[    0.000000] PM: Registered nosave memory: [mem 0x000f0000-0x000fffff]
[    0.000000] e820: [mem 0x40000000-0xfebfffff] available for PCI devices
[    0.000000] Booting paravirtualized kernel on KVM
[    0.000000] clocksource: refined-jiffies: mask: 0xffffffff max_cycles: 0xffffffff, max_idle_ns: 7645519600211568 ns
[    0.000000] setup_percpu: NR_CPUS:8192 nr_cpumask_bits:2 nr_cpu_ids:2 nr_node_ids:1
[    0.000000] percpu: Embedded 50 pages/cpu s167936 r8192 d28672 u1048576
[    0.000000] PV qspinlock hash table entries: 256 (order: 0, 4096 bytes)
[    0.000000] Built 1 zonelists, mobility grouping on.  Total pages: 257913
[    0.000000] Policy zone: DMA32
[    0.000000] Kernel command line: BOOT_IMAGE=/boot/vmlinuz-4.15.0-212-generic root=LABEL=cloudimg-rootfs ro console=tty1 console=ttyS0
[    0.000000] Memory: 982644K/1048120K available (12300K kernel code, 2477K rwdata, 4324K rodata, 2480K init, 2720K bss, 65476K reserved, 0K cma-reserved)
[    0.000000] SLUB: HWalign=64, Order=0-3, MinObjects=0, CPUs=2, Nodes=1
[    0.000000] ftrace: allocating 39508 entries in 155 pages
[    0.004000] Hierarchical RCU implementation.
[    0.004000] 	RCU restricting CPUs from NR_CPUS=8192 to nr_cpu_ids=2.
[    0.004000] 	Tasks RCU enabled.
[    0.004000] RCU: Adjusting geometry for rcu_fanout_leaf=16, nr_cpu_ids=2
[    0.004000] NR_IRQS: 524544, nr_irqs: 440, preallocated irqs: 16
[    0.004000] random: crng init done
[    0.004000] Console: colour VGA+ 80x25
[    0.004000] console [tty1] enabled
[    0.004000] console [ttyS0] enabled
[    0.004000] ACPI: Core revision 20170831
[    0.004000] ACPI: 2 ACPI AML tables successfully acquired and loaded
[    0.004000] APIC: Switch to symmetric I/O mode setup
[    0.008000] ..TIMER: vector=0x30 apic1=0 pin1=2 apic2=-1 pin2=-1
[    0.008010] tsc: Detected 4099.852 MHz processor
[    0.012009] Calibrating delay loop (skipped) preset value.. 8199.70 BogoMIPS (lpj=16399408)
[    0.016007] pid_max: default: 32768 minimum: 301
[    0.020082] Security Framework initialized
[    0.024004] Yama: becoming mindful.
[    0.028108] AppArmor: AppArmor initialized
[    0.036041] Dentry cache hash table entries: 131072 (order: 8, 1048576 bytes)
[    0.042027] Inode-cache hash table entries: 65536 (order: 7, 524288 bytes)
[    0.044087] Mount-cache hash table entries: 2048 (order: 2, 16384 bytes)
[    0.048079] Mountpoint-cache hash table entries: 2048 (order: 2, 16384 bytes)
[    0.053683] Last level iTLB entries: 4KB 1024, 2MB 1024, 4MB 512
[    0.056006] Last level dTLB entries: 4KB 2048, 2MB 2048, 4MB 1024, 1GB 0
[    0.060005] Spectre V1 : Mitigation: usercopy/swapgs barriers and __user pointer sanitization
[    0.064005] Spectre V2 : Mitigation: Retpolines
[    0.068003] Spectre V2 : Spectre v2 / SpectreRSB mitigation: Filling RSB on context switch
[    0.072005] Spectre V2 : Spectre v2 / SpectreRSB : Filling RSB on VMEXIT
[    0.076003] RETBleed: Vulnerable
[    0.080176] Freeing SMP alternatives memory: 36K
[    0.197237] smpboot: CPU0: AMD Ryzen 5 PRO 4650G with Radeon Graphics (family: 0x17, model: 0x60, stepping: 0x1)
[    0.200519] Performance Events: PMU not available due to virtualization, using software events only.
[    0.204162] Hierarchical SRCU implementation.
[    0.208741] NMI watchdog: Perf event create on CPU 0 failed with -2
[    0.212007] NMI watchdog: Perf NMI watchdog permanently disabled
[    0.216408] smp: Bringing up secondary CPUs ...
[    0.224372] x86: Booting SMP configuration:
[    0.228004] .... node  #0, CPUs:      #1
[    0.004000] kvm-clock: cpu 1, msr 0:3ff44041, secondary cpu clock
[    0.238976] smp: Brought up 1 node, 2 CPUs
[    0.240008] smpboot: Max logical packages: 1
[    0.244004] smpboot: Total of 2 processors activated (16399.40 BogoMIPS)
[    0.252625] devtmpfs: initialized
[    0.256363] x86/mm: Memory block size: 128MB
[    0.260450] evm: security.selinux
[    0.264004] evm: security.SMACK64
[    0.267290] evm: security.SMACK64EXEC
[    0.272004] evm: security.SMACK64TRANSMUTE
[    0.276004] evm: security.SMACK64MMAP
[    0.280004] evm: security.apparmor
[    0.283293] evm: security.ima
[    0.288003] evm: security.capability
[    0.292493] clocksource: jiffies: mask: 0xffffffff max_cycles: 0xffffffff, max_idle_ns: 7645041785100000 ns
[    0.296021] futex hash table entries: 512 (order: 3, 32768 bytes)
[    0.300315] pinctrl core: initialized pinctrl subsystem
[    0.304453] RTC time: 18:43:12, date: 07/14/24
[    0.309063] NET: Registered protocol family 16
[    0.312172] audit: initializing netlink subsys (disabled)
[    0.316269] audit: type=2000 audit(1720982597.340:1): state=initialized audit_enabled=0 res=1
[    0.320113] cpuidle: using governor ladder
[    0.324220] cpuidle: using governor menu
[    0.332207] ACPI: bus type PCI registered
[    0.336005] acpiphp: ACPI Hot Plug PCI Controller Driver version: 0.5
[    0.344577] PCI: Using configuration type 1 for base access
[    0.348007] PCI: Using configuration type 1 for extended access
[    0.360114] HugeTLB registered 2.00 MiB page size, pre-allocated 0 pages
[    0.368306] ACPI: Added _OSI(Module Device)
[    0.372007] ACPI: Added _OSI(Processor Device)
[    0.376005] ACPI: Added _OSI(3.0 _SCP Extensions)
[    0.379900] ACPI: Added _OSI(Processor Aggregator Device)
[    0.380007] ACPI: Added _OSI(Linux-Dell-Video)
[    0.384008] ACPI: Added _OSI(Linux-Lenovo-NV-HDMI-Audio)
[    0.388007] ACPI: Added _OSI(Linux-HPI-Hybrid-Graphics)
[    0.396054] ACPI: Executed 1 blocks of module-level executable AML code
[    0.405348] ACPI: Interpreter enabled
[    0.408022] ACPI: (supports S0 S5)
[    0.412005] ACPI: Using IOAPIC for interrupt routing
[    0.416452] PCI: Using host bridge windows from ACPI; if necessary, use "pci=nocrs" and report a bug
[    0.420262] ACPI: Enabled 2 GPEs in block 00 to 07
[    0.435783] ACPI: PCI Root Bridge [PCI0] (domain 0000 [bus 00-ff])
[    0.436018] acpi PNP0A03:00: _OSC: OS supports [ExtendedConfig ASPM ClockPM Segments MSI]
[    0.441674] acpi PNP0A03:00: _OSC: platform does not support [PCIeCapability]
[    0.444814] acpi PNP0A03:00: _OSC: not requesting control; platform does not support [PCIeCapability]
[    0.448010] acpi PNP0A03:00: _OSC: OS requested [PCIeHotplug PME AER PCIeCapability]
[    0.452009] acpi PNP0A03:00: _OSC: platform willing to grant [PCIeHotplug PME AER]
[    0.456006] acpi PNP0A03:00: _OSC failed (AE_SUPPORT); disabling ASPM
[    0.460824] PCI host bridge to bus 0000:00
[    0.464007] pci_bus 0000:00: root bus resource [io  0x0000-0x0cf7 window]
[    0.468007] pci_bus 0000:00: root bus resource [io  0x0d00-0xffff window]
[    0.472005] pci_bus 0000:00: root bus resource [mem 0x000a0000-0x000bffff window]
[    0.476010] pci_bus 0000:00: root bus resource [mem 0x40000000-0xfdffffff window]
[    0.480010] pci_bus 0000:00: root bus resource [bus 00-ff]
[    0.493692] pci 0000:00:01.1: legacy IDE quirk: reg 0x10: [io  0x01f0-0x01f7]
[    0.496008] pci 0000:00:01.1: legacy IDE quirk: reg 0x14: [io  0x03f6]
[    0.500008] pci 0000:00:01.1: legacy IDE quirk: reg 0x18: [io  0x0170-0x0177]
[    0.504007] pci 0000:00:01.1: legacy IDE quirk: reg 0x1c: [io  0x0376]
[    0.531536] pci 0000:00:07.0: quirk: [io  0x4000-0x403f] claimed by PIIX4 ACPI
[    0.532045] pci 0000:00:07.0: quirk: [io  0x4100-0x410f] claimed by PIIX4 SMB
[    0.551846] ACPI: PCI Interrupt Link [LNKA] (IRQs 5 9 10 *11)
[    0.556411] ACPI: PCI Interrupt Link [LNKB] (IRQs 5 9 *10 11)
[    0.560237] ACPI: PCI Interrupt Link [LNKC] (IRQs 5 *9 10 11)
[    0.564274] ACPI: PCI Interrupt Link [LNKD] (IRQs 5 9 10 *11)
[    0.568854] SCSI subsystem initialized
[    0.572230] pci 0000:00:02.0: vgaarb: setting as boot VGA device
[    0.576000] pci 0000:00:02.0: vgaarb: VGA device added: decodes=io+mem,owns=io+mem,locks=none
[    0.576011] pci 0000:00:02.0: vgaarb: bridge control possible
[    0.584006] vgaarb: loaded
[    0.586462] ACPI: bus type USB registered
[    0.588049] usbcore: registered new interface driver usbfs
[    0.592045] usbcore: registered new interface driver hub
[    0.596020] usbcore: registered new device driver usb
[    0.600151] EDAC MC: Ver: 3.0.0
[    0.604844] PCI: Using ACPI for IRQ routing
[    0.608916] NetLabel: Initializing
[    0.612009] NetLabel:  domain hash size = 128
[    0.616007] NetLabel:  protocols = UNLABELED CIPSOv4 CALIPSO
[    0.620029] NetLabel:  unlabeled traffic allowed by default
[    0.624339] clocksource: Switched to clocksource kvm-clock
[    0.672099] VFS: Disk quotas dquot_6.6.0
[    0.678101] VFS: Dquot-cache hash table entries: 512 (order 0, 4096 bytes)
[    0.684767] AppArmor: AppArmor Filesystem Enabled
[    0.689258] pnp: PnP ACPI init
[    0.694221] pnp: PnP ACPI: found 3 devices
[    0.734909] clocksource: acpi_pm: mask: 0xffffff max_cycles: 0xffffff, max_idle_ns: 2085701024 ns
[    0.742919] NET: Registered protocol family 2
[    0.747588] IP idents hash table entries: 16384 (order: 5, 131072 bytes)
[    0.753999] TCP established hash table entries: 8192 (order: 4, 65536 bytes)
[    0.760617] TCP bind hash table entries: 8192 (order: 5, 131072 bytes)
[    0.767064] TCP: Hash tables configured (established 8192 bind 8192)
[    0.773396] UDP hash table entries: 512 (order: 2, 16384 bytes)
[    0.778774] UDP-Lite hash table entries: 512 (order: 2, 16384 bytes)
[    0.784871] NET: Registered protocol family 1
[    0.788978] pci 0000:00:00.0: Limiting direct PCI/PCI transfers
[    0.794343] pci 0000:00:01.0: Activating ISA DMA hang workarounds
[    0.799948] pci 0000:00:02.0: Video device with shadowed ROM at [mem 0x000c0000-0x000dffff]
[    0.807858] Unpacking initramfs...
[    0.970895] Freeing initrd memory: 19528K
[    1.257644] clocksource: tsc: mask: 0xffffffffffffffff max_cycles: 0x3b18d3007a1, max_idle_ns: 440795359138 ns
[    1.266407] platform rtc_cmos: registered platform RTC device (no PNP device found)
[    1.273350] Scanning for low memory corruption every 60 seconds
[    1.281131] Initialise system trusted keyrings
[    1.285523] Key type blacklist registered
[    1.289880] workingset: timestamp_bits=36 max_order=18 bucket_order=0
[    1.298228] zbud: loaded
[    1.302204] squashfs: version 4.0 (2009/01/31) Phillip Lougher
[    1.308740] fuse init (API version 7.26)
[    1.338115] Key type asymmetric registered
[    1.341893] Asymmetric key parser 'x509' registered
[    1.346137] Block layer SCSI generic (bsg) driver version 0.4 loaded (major 246)
[    1.353012] io scheduler noop registered
[    1.357170] io scheduler deadline registered
[    1.360989] io scheduler cfq registered (default)
[    1.365848] ACPI: AC Adapter [AC] (on-line)
[    1.369719] input: Power Button as /devices/LNXSYSTM:00/LNXPWRBN:00/input/input0
[    1.376193] ACPI: Power Button [PWRF]
[    1.379441] input: Sleep Button as /devices/LNXSYSTM:00/LNXSLPBN:00/input/input1
[    1.385884] ACPI: Sleep Button [SLPF]
[    1.390472] Serial: 8250/16550 driver, 32 ports, IRQ sharing enabled
[    1.425358] 00:02: ttyS0 at I/O 0x3f8 (irq = 4, base_baud = 115200) is a 16550A
[    1.447638] Linux agpgart interface v0.103
[    1.461785] loop: module loaded
[    1.467687] scsi host0: ata_piix
[    1.471553] scsi host1: ata_piix
[    1.474980] ata1: PATA max UDMA/33 cmd 0x1f0 ctl 0x3f6 bmdma 0xd000 irq 14
[    1.481113] ata2: PATA max UDMA/33 cmd 0x170 ctl 0x376 bmdma 0xd008 irq 15
[    1.487639] tun: Universal TUN/TAP device driver, 1.6
[    1.492975] PPP generic driver version 2.4.2
[    1.497401] ehci_hcd: USB 2.0 'Enhanced' Host Controller (EHCI) Driver
[    1.503793] ehci-pci: EHCI PCI platform driver
[    1.508159] ehci-platform: EHCI generic platform driver
[    1.512985] ohci_hcd: USB 1.1 'Open' Host Controller (OHCI) Driver
[    1.518552] ohci-pci: OHCI PCI platform driver
[    1.522877] ohci-platform: OHCI generic platform driver
[    1.527993] uhci_hcd: USB Universal Host Controller Interface driver
[    1.533929] i8042: PNP: PS/2 Controller [PNP0303:PS2K,PNP0f03:PS2M] at 0x60,0x64 irq 1,12
[    1.544806] serio: i8042 KBD port at 0x60,0x64 irq 1
[    1.549480] serio: i8042 AUX port at 0x60,0x64 irq 12
[    1.555129] mousedev: PS/2 mouse device common for all mice
[    1.562190] input: AT Translated Set 2 keyboard as /devices/platform/i8042/serio0/input/input2
[    1.565564] rtc_cmos rtc_cmos: rtc core: registered rtc_cmos as rtc0
[    1.576455] rtc_cmos rtc_cmos: alarms up to one day, 114 bytes nvram
[    1.581772] i2c /dev entries driver
[    1.584836] device-mapper: uevent: version 1.0.3
[    1.589456] device-mapper: ioctl: 4.37.0-ioctl (2017-09-20) initialised: dm-devel@redhat.com
[    1.597005] ledtrig-cpu: registered to indicate activity on CPUs
[    1.604729] NET: Registered protocol family 10
[    1.622125] Segment Routing with IPv6
[    1.625595] NET: Registered protocol family 17
[    1.630272] Key type dns_resolver registered
[    1.634906] mce: Using 0 MCE banks
[    1.638371] RAS: Correctable Errors collector initialized.
[    1.643434] sched_clock: Marking stable (1643371401, 0)->(2338198678, -694827277)
[    1.680832] registered taskstats version 1
[    1.684587] Loading compiled-in X.509 certificates
[    1.691147] Loaded X.509 cert 'Build time autogenerated kernel key: b5b26778eaa3ab3a4a6cee031137706e947d12ad'
[    1.700216] Loaded X.509 cert 'Canonical Ltd. Live Patch Signing: 14df34d1a87cf37625abec039ef2bf521249b969'
[    1.708806] Loaded X.509 cert 'Canonical Ltd. Kernel Module Signing: 88f752e560a1e0737e31163a466ad7b70a850c19'
[    1.717130] blacklist: Loading compiled-in revocation X.509 certificates
[    1.722714] Loaded X.509 cert 'Canonical Ltd. Secure Boot Signing: 61482aa2830d0ab2ad5af10b7250da9033ddcef0'
[    1.730943] Loaded X.509 cert 'Canonical Ltd. Secure Boot Signing (2017): 242ade75ac4a15e50d50c84b0d45ff3eae707a03'
[    1.739665] Loaded X.509 cert 'Canonical Ltd. Secure Boot Signing (ESM 2018): 365188c1d374d6b07c3c8f240f8ef722433d6a8b'
[    1.748870] Loaded X.509 cert 'Canonical Ltd. Secure Boot Signing (2019): c0746fd6c5da3ae827864651ad66ae47fe24b3e8'
[    1.757588] Loaded X.509 cert 'Canonical Ltd. Secure Boot Signing (2021 v1): a8d54bbb3825cfb94fa13c9f8a594a195c107b8d'
[    1.766506] Loaded X.509 cert 'Canonical Ltd. Secure Boot Signing (2021 v2): 4cf046892d6fd3c9a5b03f98d845f90851dc6a8c'
[    1.775473] Loaded X.509 cert 'Canonical Ltd. Secure Boot Signing (2021 v3): 100437bb6de6e469b581e61cd66bce3ef4ed53af'
[    1.784441] Loaded X.509 cert 'Canonical Ltd. Secure Boot Signing (Ubuntu Core 2019): c1d57b8f6b743f23ee41f4f7ee292f06eecadfb9'
[    1.793963] zswap: loaded using pool lzo/zbud
[    1.806454] Key type big_key registered
[    1.810434] Key type trusted registered
[    1.817594] Key type encrypted registered
[    1.821467] AppArmor: AppArmor sha1 policy hashing enabled
[    1.826564] ima: No TPM chip found, activating TPM-bypass! (rc=-19)
[    1.832412] ima: Allocated hash algorithm: sha1
[    1.836678] evm: HMAC attrs: 0x1
[    1.840729]   Magic number: 0:652:746
[    1.844804] rtc_cmos rtc_cmos: setting system clock to 2024-07-14 18:43:14 UTC (1720982594)
[    1.852646] BIOS EDD facility v0.16 2004-Jun-25, 0 devices found
[    1.858029] EDD information not available.
[    1.865120] Freeing unused kernel image memory: 2480K
[    1.880662] Write protecting the kernel read-only data: 20480k
[    1.886792] Freeing unused kernel image memory: 2008K
[    1.891805] Freeing unused kernel image memory: 1820K
[    1.902421] x86/mm: Checked W+X mappings: passed, no W+X pages found.
Loading, please wait...
starting version 237
[    1.983250] e1000: Intel(R) PRO/1000 Network Driver - version 7.3.21-k8-NAPI
[    1.989855] e1000: Copyright (c) 1999-2006 Intel Corporation.
[    2.005659] Fusion MPT base driver 3.04.20
[    2.009380] Copyright (c) 1999-2008 LSI Corporation
[    2.033758] SSE version of gcm_enc/dec engaged.
[    2.043346] Fusion MPT SPI Host driver 3.04.20
[    2.245881] input: ImExPS/2 Generic Explorer Mouse as /devices/platform/i8042/serio1/input/input4
[    2.654771] e1000 0000:00:03.0 eth0: (PCI:33MHz:32-bit) 02:3b:7b:b7:3b:2d
[    2.660979] e1000 0000:00:03.0 eth0: Intel(R) PRO/1000 Network Connection
[    3.278295] e1000 0000:00:08.0 eth1: (PCI:33MHz:32-bit) 08:00:27:64:6d:ed
[    3.284332] e1000 0000:00:08.0 eth1: Intel(R) PRO/1000 Network Connection
[    3.292643] e1000 0000:00:08.0 enp0s8: renamed from eth1
[    3.297778] mptbase: ioc0: Initiating bringup
[    3.314382] e1000 0000:00:03.0 enp0s3: renamed from eth0
